// Vitest Snapshot v1, https://vitest.dev/guide/snapshot.html

exports[`SettingsApiView > if user public api enabled and there are API Keys in account, they should be rendered 1`] = `
<h2
  class="n8n-heading size-medium bold cardHeading cardHeading"
>
  
  test-key-1
  
</h2>
`;
